// Jest Snapshot v1, https://goo.gl/fbAQLP

exports[`Signin page renders a signin page 1`] = `
<div>
  <div
    class="css-8188v2"
  >
    <div
      class="css-nvx1c6"
    >
      <a
        href="/signin"
      >
        <span
          style="box-sizing: border-box; display: inline-block; overflow: hidden; background: none; opacity: 1; border: 0px; margin: 0px; padding: 0px; position: relative; max-width: 100%;"
        >
          <span
            style="box-sizing: border-box; display: block; background: none; opacity: 1; border: 0px; margin: 0px; padding: 0px; max-width: 100%;"
          >
            <img
              alt=""
              aria-hidden="true"
              src="data:image/svg+xml,%3csvg%20xmlns=%27http://www.w3.org/2000/svg%27%20version=%271.1%27%20width=%27180%27%20height=%2760%27/%3e"
              style="display: block; max-width: 100%; background: none; opacity: 1; border: 0px; margin: 0px; padding: 0px;"
            />
          </span>
          <img
            data-nimg="intrinsic"
            decoding="async"
            src="data:image/gif;base64,R0lGODlhAQABAIAAAAAAAP///yH5BAEAAAAALAAAAAABAAEAAAIBRAA7"
            style="position: absolute; top: 0px; left: 0px; bottom: 0px; right: 0px; box-sizing: border-box; padding: 0px; margin: auto; display: block; width: 0px; height: 0px; min-width: 100%; max-width: 100%; min-height: 100%; max-height: 100%;"
          />
          <noscript />
        </span>
      </a>
    </div>
    <div
      class="css-1yw26sd"
    >
      <p
        class="chakra-text css-1692iwy"
      >
        To continue, log in to Spotify.
      </p>
      <div
        class="css-83mdml"
      >
        <form>
          <div
            class="css-0"
          >
            <input
              class="chakra-input css-1vuei7v"
              placeholder="Email"
              type="email"
            />
            <input
              class="chakra-input css-1vuei7v"
              placeholder="Password"
              type="password"
            />
          </div>
          <a
            class="chakra-link css-0"
            href="/signin"
          >
            Forgot your password?
          </a>
          <div
            class="css-69i1ev"
          >
            <label
              class="chakra-checkbox css-1elxtiq"
            >
              <input
                class="chakra-checkbox__input"
                style="border: 0px; clip: rect(0px, 0px, 0px, 0px); height: 1px; width: 1px; margin: -1px; padding: 0px; overflow: hidden; white-space: nowrap; position: absolute;"
                type="checkbox"
                value=""
              />
              <span
                aria-hidden="true"
                class="chakra-checkbox__control css-dnty2r"
              />
              <span
                class="chakra-checkbox__label css-1oeb2oe"
              >
                Remember me
              </span>
            </label>
            <button
              class="chakra-button css-1i4s5bo"
              type="submit"
            >
              Sign in
            </button>
          </div>
        </form>
        <div
          class="css-0"
        >
          <hr
            aria-orientation="horizontal"
            class="chakra-divider css-37bz2l"
          />
          <p
            class="chakra-text css-k0q9fn"
          >
            Don't have an account?
          </p>
          <button
            class="chakra-button css-urbow9"
            type="button"
          >
            sign up for spotify
          </button>
        </div>
      </div>
    </div>
  </div>
</div>
`;
